Archive member included because of file (symbol)

/Users/Erin/pebble-dev/PebbleSDK-3.6-dp6/Pebble/chalk/lib/libpebble.a(tmpMO06mRpebble.o)
                              src/sunburst.c.6.o (app_event_loop)

Allocating common symbols
Common symbol       size              file

second              0x4               src/sunburst.c.6.o
minute              0x4               src/sunburst.c.6.o
hour                0x4               src/sunburst.c.6.o

Discarded input sections

 .text          0x0000000000000000        0x0 /Users/Erin/pebble-dev/PebbleSDK-3.6-dp6/arm-cs-tools/bin/../lib/gcc/arm-none-eabi/4.7.2/thumb2/crti.o
 .bss           0x0000000000000000        0x0 /Users/Erin/pebble-dev/PebbleSDK-3.6-dp6/arm-cs-tools/bin/../lib/gcc/arm-none-eabi/4.7.2/thumb2/crti.o
 .init          0x0000000000000000        0x4 /Users/Erin/pebble-dev/PebbleSDK-3.6-dp6/arm-cs-tools/bin/../lib/gcc/arm-none-eabi/4.7.2/thumb2/crti.o
 .fini          0x0000000000000000        0x4 /Users/Erin/pebble-dev/PebbleSDK-3.6-dp6/arm-cs-tools/bin/../lib/gcc/arm-none-eabi/4.7.2/thumb2/crti.o
 .text          0x0000000000000000       0xc8 /Users/Erin/pebble-dev/PebbleSDK-3.6-dp6/arm-cs-tools/bin/../lib/gcc/arm-none-eabi/4.7.2/thumb2/crtbegin.o
 .bss           0x0000000000000000       0x1c /Users/Erin/pebble-dev/PebbleSDK-3.6-dp6/arm-cs-tools/bin/../lib/gcc/arm-none-eabi/4.7.2/thumb2/crtbegin.o
 .init_array    0x0000000000000000        0x4 /Users/Erin/pebble-dev/PebbleSDK-3.6-dp6/arm-cs-tools/bin/../lib/gcc/arm-none-eabi/4.7.2/thumb2/crtbegin.o
 .fini_array    0x0000000000000000        0x4 /Users/Erin/pebble-dev/PebbleSDK-3.6-dp6/arm-cs-tools/bin/../lib/gcc/arm-none-eabi/4.7.2/thumb2/crtbegin.o
 .eh_frame      0x0000000000000000        0x0 /Users/Erin/pebble-dev/PebbleSDK-3.6-dp6/arm-cs-tools/bin/../lib/gcc/arm-none-eabi/4.7.2/thumb2/crtbegin.o
 .jcr           0x0000000000000000        0x0 /Users/Erin/pebble-dev/PebbleSDK-3.6-dp6/arm-cs-tools/bin/../lib/gcc/arm-none-eabi/4.7.2/thumb2/crtbegin.o
 .tm_clone_table
                0x0000000000000000        0x0 /Users/Erin/pebble-dev/PebbleSDK-3.6-dp6/arm-cs-tools/bin/../lib/gcc/arm-none-eabi/4.7.2/thumb2/crtbegin.o
 .text          0x0000000000000000        0x0 src/sunburst.c.6.o
 .bss           0x0000000000000000        0x0 src/sunburst.c.6.o
 .text          0x0000000000000000        0x0 chalk/appinfo.auto.c.6.o
 .bss           0x0000000000000000        0x0 chalk/appinfo.auto.c.6.o
 .bss           0x0000000000000000        0x0 /Users/Erin/pebble-dev/PebbleSDK-3.6-dp6/Pebble/chalk/lib/libpebble.a(tmpMO06mRpebble.o)
 .text.accel_data_service_subscribe__deprecated
                0x0000000000000000        0xc /Users/Erin/pebble-dev/PebbleSDK-3.6-dp6/Pebble/chalk/lib/libpebble.a(tmpMO06mRpebble.o)
 .text.accel_data_service_unsubscribe
                0x0000000000000000        0xc /Users/Erin/pebble-dev/PebbleSDK-3.6-dp6/Pebble/chalk/lib/libpebble.a(tmpMO06mRpebble.o)
 .text.accel_service_peek
                0x0000000000000000        0xc /Users/Erin/pebble-dev/PebbleSDK-3.6-dp6/Pebble/chalk/lib/libpebble.a(tmpMO06mRpebble.o)
 .text.accel_service_set_samples_per_update
                0x0000000000000000        0xc /Users/Erin/pebble-dev/PebbleSDK-3.6-dp6/Pebble/chalk/lib/libpebble.a(tmpMO06mRpebble.o)
 .text.accel_service_set_sampling_rate
                0x0000000000000000        0xc /Users/Erin/pebble-dev/PebbleSDK-3.6-dp6/Pebble/chalk/lib/libpebble.a(tmpMO06mRpebble.o)
 .text.accel_tap_service_subscribe
                0x0000000000000000        0xc /Users/Erin/pebble-dev/PebbleSDK-3.6-dp6/Pebble/chalk/lib/libpebble.a(tmpMO06mRpebble.o)
 .text.accel_tap_service_unsubscribe
                0x0000000000000000        0xc /Users/Erin/pebble-dev/PebbleSDK-3.6-dp6/Pebble/chalk/lib/libpebble.a(tmpMO06mRpebble.o)
 .text.action_bar_layer_legacy2_add_to_window
                0x0000000000000000        0xc /Users/Erin/pebble-dev/PebbleSDK-3.6-dp6/Pebble/chalk/lib/libpebble.a(tmpMO06mRpebble.o)
 .text.action_bar_layer_legacy2_clear_icon
                0x0000000000000000        0xc /Users/Erin/pebble-dev/PebbleSDK-3.6-dp6/Pebble/chalk/lib/libpebble.a(tmpMO06mRpebble.o)
 .text.action_bar_layer_legacy2_create
                0x0000000000000000        0xc /Users/Erin/pebble-dev/PebbleSDK-3.6-dp6/Pebble/chalk/lib/libpebble.a(tmpMO06mRpebble.o)
 .text.action_bar_layer_legacy2_destroy
                0x0000000000000000        0xc /Users/Erin/pebble-dev/PebbleSDK-3.6-dp6/Pebble/chalk/lib/libpebble.a(tmpMO06mRpebble.o)
 .text.action_bar_layer_legacy2_get_layer
                0x0000000000000000        0xc /Users/Erin/pebble-dev/PebbleSDK-3.6-dp6/Pebble/chalk/lib/libpebble.a(tmpMO06mRpebble.o)
 .text.action_bar_layer_legacy2_remove_from_window
                0x0000000000000000        0xc /Users/Erin/pebble-dev/PebbleSDK-3.6-dp6/Pebble/chalk/lib/libpebble.a(tmpMO06mRpebble.o)
 .text.action_bar_layer_legacy2_set_background_color_2bit
[...]
Memory Configuration

Name             Origin             Length             Attributes
APP              0x0000000000000000 0x0000000000010000 xrw
*default*        0x0000000000000000 0xffffffffffffffff

Linker script and memory map

LOAD /Users/Erin/pebble-dev/PebbleSDK-3.6-dp6/arm-cs-tools/bin/../lib/gcc/arm-none-eabi/4.7.2/thumb2/crti.o
LOAD /Users/Erin/pebble-dev/PebbleSDK-3.6-dp6/arm-cs-tools/bin/../lib/gcc/arm-none-eabi/4.7.2/thumb2/crtbegin.o
LOAD src/sunburst.c.6.o
LOAD chalk/appinfo.auto.c.6.o
LOAD /Users/Erin/pebble-dev/PebbleSDK-3.6-dp6/Pebble/chalk/lib/libpebble.a
START GROUP
LOAD /Users/Erin/pebble-dev/PebbleSDK-3.6-dp6/arm-cs-tools/bin/../lib/gcc/arm-none-eabi/4.7.2/thumb2/libgcc.a
LOAD /Users/Erin/pebble-dev/PebbleSDK-3.6-dp6/arm-cs-tools/bin/../lib/gcc/arm-none-eabi/4.7.2/../../../../arm-none-eabi/lib/thumb2/libc.a
END GROUP
LOAD /Users/Erin/pebble-dev/PebbleSDK-3.6-dp6/arm-cs-tools/bin/../lib/gcc/arm-none-eabi/4.7.2/thumb2/crtend.o
LOAD /Users/Erin/pebble-dev/PebbleSDK-3.6-dp6/arm-cs-tools/bin/../lib/gcc/arm-none-eabi/4.7.2/thumb2/crtn.o

.header         0x0000000000000000       0x82
 *(.pbl_header)
 .pbl_header    0x0000000000000000       0x82 chalk/appinfo.auto.c.6.o
                0x0000000000000000                __pbl_app_info

.note.gnu.build-id
                0x0000000000000082       0x26
                0x0000000000000082                PROVIDE (BUILD_ID, .)
 *(.note.gnu.build-id)
 *fill*         0x0000000000000082        0x2 
 .note.gnu.build-id
                0x0000000000000084       0x24 linker stubs

.text           0x00000000000000a8      0x504
 *(.text)
 .text          0x00000000000000a8       0x14 /Users/Erin/pebble-dev/PebbleSDK-3.6-dp6/Pebble/chalk/lib/libpebble.a(tmpMO06mRpebble.o)
 *(.text.*)
 .text.update_time
                0x00000000000000bc       0x78 src/sunburst.c.6.o
 .text.tick_handler
                0x0000000000000134        0x4 src/sunburst.c.6.o
 .text.main_window_unload
                0x0000000000000138       0x10 src/sunburst.c.6.o
 .text.main_window_load
                0x0000000000000148       0x78 src/sunburst.c.6.o
 .text.sun_layer_update
                0x00000000000001c0      0x210 src/sunburst.c.6.o
 .text.startup.main
                0x00000000000003d0       0x6c src/sunburst.c.6.o
                0x00000000000003d0                main
 .text.app_event_loop
                0x000000000000043c        0xc /Users/Erin/pebble-dev/PebbleSDK-3.6-dp6/Pebble/chalk/lib/libpebble.a(tmpMO06mRpebble.o)
                0x000000000000043c                app_event_loop
 .text.clock_is_24h_style
                0x0000000000000448        0xc /Users/Erin/pebble-dev/PebbleSDK-3.6-dp6/Pebble/chalk/lib/libpebble.a(tmpMO06mRpebble.o)
                0x0000000000000448                clock_is_24h_style
 .text.graphics_draw_line
                0x0000000000000454        0xc /Users/Erin/pebble-dev/PebbleSDK-3.6-dp6/Pebble/chalk/lib/libpebble.a(tmpMO06mRpebble.o)
                0x0000000000000454                graphics_draw_line
 .text.grect_center_point
                0x0000000000000460        0xc /Users/Erin/pebble-dev/PebbleSDK-3.6-dp6/Pebble/chalk/lib/libpebble.a(tmpMO06mRpebble.o)
                0x0000000000000460                grect_center_point
 .text.layer_add_child
                0x000000000000046c        0xc /Users/Erin/pebble-dev/PebbleSDK-3.6-dp6/Pebble/chalk/lib/libpebble.a(tmpMO06mRpebble.o)
                0x000000000000046c                layer_add_child
 .text.layer_create
                0x0000000000000478        0xc /Users/Erin/pebble-dev/PebbleSDK-3.6-dp6/Pebble/chalk/lib/libpebble.a(tmpMO06mRpebble.o)
                0x0000000000000478                layer_create
 .text.layer_destroy
                0x0000000000000484        0xc /Users/Erin/pebble-dev/PebbleSDK-3.6-dp6/Pebble/chalk/lib/libpebble.a(tmpMO06mRpebble.o)
                0x0000000000000484                layer_destroy
 .text.layer_get_bounds
                0x0000000000000490        0xc /Users/Erin/pebble-dev/PebbleSDK-3.6-dp6/Pebble/chalk/lib/libpebble.a(tmpMO06mRpebble.o)
                0x0000000000000490                layer_get_bounds
 .text.layer_set_update_proc
                0x000000000000049c        0xc /Users/Erin/pebble-dev/PebbleSDK-3.6-dp6/Pebble/chalk/lib/libpebble.a(tmpMO06mRpebble.o)
                0x000000000000049c                layer_set_update_proc
 .text.memset   0x00000000000004a8        0xc /Users/Erin/pebble-dev/PebbleSDK-3.6-dp6/Pebble/chalk/lib/libpebble.a(tmpMO06mRpebble.o)
                0x00000000000004a8                memset
 .text.strftime
                0x00000000000004b4        0xc /Users/Erin/pebble-dev/PebbleSDK-3.6-dp6/Pebble/chalk/lib/libpebble.a(tmpMO06mRpebble.o)
                0x00000000000004b4                strftime
 .text.tick_timer_service_subscribe
                0x00000000000004c0        0xc /Users/Erin/pebble-dev/PebbleSDK-3.6-dp6/Pebble/chalk/lib/libpebble.a(tmpMO06mRpebble.o)
                0x00000000000004c0                tick_timer_service_subscribe
 .text.window_create
                0x00000000000004cc        0xc /Users/Erin/pebble-dev/PebbleSDK-3.6-dp6/Pebble/chalk/lib/libpebble.a(tmpMO06mRpebble.o)
                0x00000000000004cc                window_create
 .text.window_destroy
                0x00000000000004d8        0xc /Users/Erin/pebble-dev/PebbleSDK-3.6-dp6/Pebble/chalk/lib/libpebble.a(tmpMO06mRpebble.o)
                0x00000000000004d8                window_destroy
 .text.window_get_root_layer
                0x00000000000004e4        0xc /Users/Erin/pebble-dev/PebbleSDK-3.6-dp6/Pebble/chalk/lib/libpebble.a(tmpMO06mRpebble.o)
                0x00000000000004e4                window_get_root_layer
 .text.window_set_window_handlers
                0x00000000000004f0        0xc /Users/Erin/pebble-dev/PebbleSDK-3.6-dp6/Pebble/chalk/lib/libpebble.a(tmpMO06mRpebble.o)
                0x00000000000004f0                window_set_window_handlers
 .text.window_stack_push
                0x00000000000004fc        0xc /Users/Erin/pebble-dev/PebbleSDK-3.6-dp6/Pebble/chalk/lib/libpebble.a(tmpMO06mRpebble.o)
                0x00000000000004fc                window_stack_push
 .text.graphics_context_set_fill_color
                0x0000000000000508        0xc /Users/Erin/pebble-dev/PebbleSDK-3.6-dp6/Pebble/chalk/lib/libpebble.a(tmpMO06mRpebble.o)
                0x0000000000000508                graphics_context_set_fill_color
 .text.graphics_context_set_stroke_color
                0x0000000000000514        0xc /Users/Erin/pebble-dev/PebbleSDK-3.6-dp6/Pebble/chalk/lib/libpebble.a(tmpMO06mRpebble.o)
                0x0000000000000514                graphics_context_set_stroke_color
 .text.window_set_background_color
                0x0000000000000520        0xc /Users/Erin/pebble-dev/PebbleSDK-3.6-dp6/Pebble/chalk/lib/libpebble.a(tmpMO06mRpebble.o)
                0x0000000000000520                window_set_background_color
 .text.localtime
                0x000000000000052c        0xc /Users/Erin/pebble-dev/PebbleSDK-3.6-dp6/Pebble/chalk/lib/libpebble.a(tmpMO06mRpebble.o)
                0x000000000000052c                localtime
 .text.graphics_context_set_stroke_width
                0x0000000000000538        0xc /Users/Erin/pebble-dev/PebbleSDK-3.6-dp6/Pebble/chalk/lib/libpebble.a(tmpMO06mRpebble.o)
                0x0000000000000538                graphics_context_set_stroke_width
 .text.time     0x0000000000000544        0xc /Users/Erin/pebble-dev/PebbleSDK-3.6-dp6/Pebble/chalk/lib/libpebble.a(tmpMO06mRpebble.o)
                0x0000000000000544                time
 .text.gpoint_from_polar
                0x0000000000000550        0xc /Users/Erin/pebble-dev/PebbleSDK-3.6-dp6/Pebble/chalk/lib/libpebble.a(tmpMO06mRpebble.o)
                0x0000000000000550                gpoint_from_polar
 .text.graphics_fill_radial
                0x000000000000055c        0xc /Users/Erin/pebble-dev/PebbleSDK-3.6-dp6/Pebble/chalk/lib/libpebble.a(tmpMO06mRpebble.o)
                0x000000000000055c                graphics_fill_radial
 *(.rodata)
 .rodata        0x0000000000000568        0x8 src/sunburst.c.6.o
 *(.rodata*)
 .rodata.inner_circle.7307
                0x0000000000000570        0x8 src/sunburst.c.6.o
 .rodata.hour_rect.7311
                0x0000000000000578        0x8 src/sunburst.c.6.o
 .rodata.entire_screen_shorter.7305
                0x0000000000000580        0x8 src/sunburst.c.6.o
 .rodata.inner_circle_shorter.7309
                0x0000000000000588        0x8 src/sunburst.c.6.o
 .rodata.str1.1
                0x0000000000000590        0xc src/sunburst.c.6.o
 .rodata.entire_screen.7303
                0x000000000000059c        0x8 src/sunburst.c.6.o
 .rodata.minute_rect.7313
                0x00000000000005a4        0x8 src/sunburst.c.6.o

.glue_7         0x00000000000005ac        0x0
 .glue_7        0x0000000000000000        0x0 linker stubs

.glue_7t        0x00000000000005ac        0x0
 .glue_7t       0x0000000000000000        0x0 linker stubs

.vfp11_veneer   0x00000000000005ac        0x0
 .vfp11_veneer  0x0000000000000000        0x0 linker stubs

.v4_bx          0x00000000000005ac        0x0
 .v4_bx         0x0000000000000000        0x0 linker stubs

.iplt           0x00000000000005ac        0x0
 .iplt          0x0000000000000000        0x0 /Users/Erin/pebble-dev/PebbleSDK-3.6-dp6/arm-cs-tools/bin/../lib/gcc/arm-none-eabi/4.7.2/thumb2/crtbegin.o

.rel.dyn        0x00000000000005ac        0x0
 .rel.iplt      0x0000000000000000        0x0 /Users/Erin/pebble-dev/PebbleSDK-3.6-dp6/arm-cs-tools/bin/../lib/gcc/arm-none-eabi/4.7.2/thumb2/crtbegin.o
 .rel.got       0x0000000000000000        0x0 /Users/Erin/pebble-dev/PebbleSDK-3.6-dp6/arm-cs-tools/bin/../lib/gcc/arm-none-eabi/4.7.2/thumb2/crtbegin.o

.data           0x00000000000005ac        0xa
 *(.data)
 .data          0x00000000000005ac        0x0 /Users/Erin/pebble-dev/PebbleSDK-3.6-dp6/arm-cs-tools/bin/../lib/gcc/arm-none-eabi/4.7.2/thumb2/crti.o
 .data          0x00000000000005ac        0x4 /Users/Erin/pebble-dev/PebbleSDK-3.6-dp6/arm-cs-tools/bin/../lib/gcc/arm-none-eabi/4.7.2/thumb2/crtbegin.o
                0x00000000000005ac                __dso_handle
 .data          0x00000000000005b0        0x0 src/sunburst.c.6.o
 .data          0x00000000000005b0        0x0 chalk/appinfo.auto.c.6.o
 .data          0x00000000000005b0        0x0 /Users/Erin/pebble-dev/PebbleSDK-3.6-dp6/Pebble/chalk/lib/libpebble.a(tmpMO06mRpebble.o)
 .data          0x00000000000005b0        0x0 /Users/Erin/pebble-dev/PebbleSDK-3.6-dp6/arm-cs-tools/bin/../lib/gcc/arm-none-eabi/4.7.2/thumb2/crtend.o
 .data          0x00000000000005b0        0x0 /Users/Erin/pebble-dev/PebbleSDK-3.6-dp6/arm-cs-tools/bin/../lib/gcc/arm-none-eabi/4.7.2/thumb2/crtn.o
 *(.data.*)
 .data.buffer.7287
                0x00000000000005b0        0x6 src/sunburst.c.6.o

.igot.plt       0x00000000000005b8        0x0
 .igot.plt      0x0000000000000000        0x0 /Users/Erin/pebble-dev/PebbleSDK-3.6-dp6/arm-cs-tools/bin/../lib/gcc/arm-none-eabi/4.7.2/thumb2/crtbegin.o

.got            0x00000000000005b8        0xc
 .got           0x00000000000005b8        0xc /Users/Erin/pebble-dev/PebbleSDK-3.6-dp6/arm-cs-tools/bin/../lib/gcc/arm-none-eabi/4.7.2/thumb2/crtbegin.o

.got.plt        0x00000000000005c4        0xc
 .got.plt       0x00000000000005c4        0xc /Users/Erin/pebble-dev/PebbleSDK-3.6-dp6/arm-cs-tools/bin/../lib/gcc/arm-none-eabi/4.7.2/thumb2/crtbegin.o
                0x00000000000005c4                _GLOBAL_OFFSET_TABLE_

.bss            0x00000000000005d0       0x18
 *(.bss)
 *(.bss.*)
 .bss.main_window
                0x00000000000005d0        0x4 src/sunburst.c.6.o
 .bss.sun_layer
                0x00000000000005d4        0x4 src/sunburst.c.6.o
 .bss.s_center  0x00000000000005d8        0x4 src/sunburst.c.6.o
 COMMON         0x00000000000005dc        0xc src/sunburst.c.6.o
                0x00000000000005dc                second
                0x00000000000005e0                minute
                0x00000000000005e4                hour

DISCARD
 libc.a(*)
 libm.a(*)
 libgcc.a(*)
 *(.eh_frame)
OUTPUT(/Users/Erin/Documents/GitHub/sunburst/build/chalk/pebble-app.elf elf32-littlearm)

.ARM.attributes
                0x0000000000000000       0x27
 .ARM.attributes
                0x0000000000000000       0x19 /Users/Erin/pebble-dev/PebbleSDK-3.6-dp6/arm-cs-tools/bin/../lib/gcc/arm-none-eabi/4.7.2/thumb2/crti.o
 .ARM.attributes
                0x0000000000000019       0x29 /Users/Erin/pebble-dev/PebbleSDK-3.6-dp6/arm-cs-tools/bin/../lib/gcc/arm-none-eabi/4.7.2/thumb2/crtbegin.o
 .ARM.attributes
                0x0000000000000042       0x33 src/sunburst.c.6.o
 .ARM.attributes
                0x0000000000000075       0x33 chalk/appinfo.auto.c.6.o
 .ARM.attributes
                0x00000000000000a8       0x21 /Users/Erin/pebble-dev/PebbleSDK-3.6-dp6/Pebble/chalk/lib/libpebble.a(tmpMO06mRpebble.o)
 .ARM.attributes
                0x00000000000000c9       0x29 /Users/Erin/pebble-dev/PebbleSDK-3.6-dp6/arm-cs-tools/bin/../lib/gcc/arm-none-eabi/4.7.2/thumb2/crtend.o
 .ARM.attributes
                0x00000000000000f2       0x19 /Users/Erin/pebble-dev/PebbleSDK-3.6-dp6/arm-cs-tools/bin/../lib/gcc/arm-none-eabi/4.7.2/thumb2/crtn.o

.comment        0x0000000000000000       0x4e
 .comment       0x0000000000000000       0x4e /Users/Erin/pebble-dev/PebbleSDK-3.6-dp6/arm-cs-tools/bin/../lib/gcc/arm-none-eabi/4.7.2/thumb2/crtbegin.o
                                         0x4f (size before relaxing)
 .comment       0x0000000000000000       0x4f src/sunburst.c.6.o
 .comment       0x0000000000000000       0x4f chalk/appinfo.auto.c.6.o
 .comment       0x0000000000000000       0x4f /Users/Erin/pebble-dev/PebbleSDK-3.6-dp6/arm-cs-tools/bin/../lib/gcc/arm-none-eabi/4.7.2/thumb2/crtend.o

.debug_info     0x0000000000000000     0x1097
 .debug_info    0x0000000000000000      0xd69 src/sunburst.c.6.o
 .debug_info    0x0000000000000d69      0x32e chalk/appinfo.auto.c.6.o

.debug_abbrev   0x0000000000000000      0x3a3
 .debug_abbrev  0x0000000000000000      0x305 src/sunburst.c.6.o
 .debug_abbrev  0x0000000000000305       0x9e chalk/appinfo.auto.c.6.o

.debug_loc      0x0000000000000000      0x266
 .debug_loc     0x0000000000000000      0x266 src/sunburst.c.6.o

.debug_aranges  0x0000000000000000       0x60
 .debug_aranges
                0x0000000000000000       0x48 src/sunburst.c.6.o
 .debug_aranges
                0x0000000000000048       0x18 chalk/appinfo.auto.c.6.o

.debug_ranges   0x0000000000000000       0x80
 .debug_ranges  0x0000000000000000       0x80 src/sunburst.c.6.o

.debug_line     0x0000000000000000      0x41c
 .debug_line    0x0000000000000000      0x2e8 src/sunburst.c.6.o
 .debug_line    0x00000000000002e8      0x134 chalk/appinfo.auto.c.6.o

.debug_str      0x0000000000000000      0x7c8
 .debug_str     0x0000000000000000      0x570 src/sunburst.c.6.o
                                        0x600 (size before relaxing)
 .debug_str     0x0000000000000570      0x258 chalk/appinfo.auto.c.6.o
                                        0x333 (size before relaxing)

.debug_frame    0x0000000000000000       0xb4
 .debug_frame   0x0000000000000000       0xb4 src/sunburst.c.6.o
